// Jest Snapshot v1, https://goo.gl/fbAQLP

exports[`CloseButton renders without props 1`] = `
.c2 {
  -webkit-flex: none;
  -ms-flex: none;
  flex: none;
}

.c1 {
  -webkit-font-smoothing: antialiased;
  display: inline-block;
  vertical-align: middle;
  text-align: center;
  text-decoration: none;
  font-family: inherit;
  font-weight: 600;
  cursor: pointer;
  border-radius: 2px;
  background-color: #007aff;
  color: #fff;
  border-width: 0;
  border-style: solid;
  height: 40px;
  font-size: 14px;
  padding: 0 18px;
}

.c1:disabled {
  opacity: 0.25;
}

.c1:hover {
  background-color: #049;
}

.c0 {
  padding: 0;
  height: auto;
  background-color: transparent;
  color: inherit;
}

.c0:hover {
  background-color: transparent;
}

<button
  className="c0 c1"
  title="close"
>
  <svg
    className="c2"
    color={undefined}
    fill="currentcolor"
    height={24}
    viewBox="0 0 24 24"
    width={24}
  >
    <path
      d="M19,6.4L17.6,5L12,10.6L6.4,5L5,6.4l5.6,5.6L5,17.6L6.4,19l5.6-5.6l5.6,5.6l1.4-1.4L13.4,12L19,6.4z"
    />
  </svg>
</button>
`;
