// Jest Snapshot v1, https://goo.gl/fbAQLP

exports[`Label it renders 1`] = `
.c0 {
  font-size: 10px;
  -webkit-letter-spacing: 0.2px;
  -moz-letter-spacing: 0.2px;
  -ms-letter-spacing: 0.2px;
  letter-spacing: 0.2px;
  display: block;
  width: 100%;
  margin: 0;
  font-size: 10px;
  color: #687B8E;
  font-weight: 700;
}

<label
  className="c0"
  color="gray"
  fontSize="10px"
  fontWeight="bold"
/>
`;
