// Jest Snapshot v1, https://goo.gl/fbAQLP

exports[`RatingBadge renders 1`] = `
.c1 {
  padding-left: 16px;
  padding-right: 16px;
  color: white;
  background-color: orange;
}

.c0 {
  display: inline-block;
  line-height: 1.5;
  font-weight: bold;
  border-radius: 2px;
}

<div
  className="c0 c1"
  color="white"
  fontWeight="bold"
/>
`;
