// Jest Snapshot v1, https://goo.gl/fbAQLP

exports[`theme snapshot 1`] = `
Object {
  "bold": 700,
  "breakpoints": Array [
    32,
    40,
    48,
    64,
  ],
  "colors": Object {
    "black": "#000",
    "blue": "#007aff",
    "blue0": "#69a8ff",
    "blue1": "#007aff",
    "blue2": "#004fcb",
    "blues": Array [
      "#69a8ff",
      "#007aff",
      "#004fcb",
    ],
    "gray": "#596b7d",
    "gray0": "#8799ac",
    "gray1": "#596b7d",
    "gray2": "#2e4051",
    "green": "#0a0",
    "green0": "#59dd44",
    "green1": "#0a0",
    "green2": "#007900",
    "greens": Array [
      "#59dd44",
      "#0a0",
      "#007900",
    ],
    "orange": "#f90",
    "orange0": "#ffca47",
    "orange1": "#f90",
    "orange2": "#c66a00",
    "oranges": Array [
      "#ffca47",
      "#f90",
      "#c66a00",
    ],
    "purple": "#7600bb",
    "purple0": "#ab45ef",
    "purple1": "#7600bb",
    "purple2": "#40008a",
    "purples": Array [
      "#ab45ef",
      "#7600bb",
      "#40008a",
    ],
    "red": "#c00",
    "red0": "#ff4f30",
    "red1": "#c00",
    "red2": "#930000",
    "reds": Array [
      "#ff4f30",
      "#c00",
      "#930000",
    ],
    "text": "#001731",
    "white": "#fff",
  },
  "font": "'Helvetica Neue',Helvetica,Arial,sans-serif",
  "fontSizes": Array [
    12,
    14,
    16,
    20,
    24,
    32,
    48,
  ],
  "mediaQueries": Array [
    "@media screen and (min-width:32em)",
    "@media screen and (min-width:40em)",
    "@media screen and (min-width:48em)",
    "@media screen and (min-width:64em)",
  ],
  "radius": "2px",
  "regular": 400,
  "space": Array [
    0,
    4,
    8,
    16,
    32,
    64,
    128,
  ],
}
`;
