// Jest Snapshot v1, https://goo.gl/fbAQLP

exports[`theme snapshot 1`] = `
Object {
  "bold": 600,
  "boxShadows": Array [
    "0 0 2px 0 rgba(0,0,0,.08),0 1px 4px 0 rgba(0,0,0,.16)",
    "0 0 2px 0 rgba(0,0,0,.08),0 2px 8px 0 rgba(0,0,0,.16)",
    "0 0 2px 0 rgba(0,0,0,.08),0 4px 16px 0 rgba(0,0,0,.16)",
    "0 0 2px 0 rgba(0,0,0,.08),0 8px 32px 0 rgba(0,0,0,.16)",
  ],
  "breakpoints": Array [
    "32em",
    "40em",
    "48em",
    "64em",
  ],
  "colorStyles": Object {
    "blueOnLightBlue": Object {
      "backgroundColor": "#cdf",
      "color": "#007aff",
    },
    "blueOnWhite": Object {
      "backgroundColor": "#fff",
      "color": "#007aff",
    },
    "danger": Object {
      "backgroundColor": "#c00",
      "color": "#fff",
    },
    "grayOnWhite": Object {
      "backgroundColor": "#fff",
      "color": "#687B8E",
    },
    "greenOnLightGreen": Object {
      "backgroundColor": "#cec",
      "color": "#0a0",
    },
    "greenOnWhite": Object {
      "backgroundColor": "#fff",
      "color": "#0a0",
    },
    "info": Object {
      "backgroundColor": "#f6f8fa",
      "color": "#001833",
    },
    "purpleOnLightPurple": Object {
      "backgroundColor": "#ecf",
      "color": "#70b",
    },
    "purpleOnWhite": Object {
      "backgroundColor": "#fff",
      "color": "#70b",
    },
    "redOnLightRed": Object {
      "backgroundColor": "#fcc",
      "color": "#c00",
    },
    "redOnWhite": Object {
      "backgroundColor": "#fff",
      "color": "#c00",
    },
    "success": Object {
      "backgroundColor": "#0a0",
      "color": "#fff",
    },
    "textOnLightGray": Object {
      "backgroundColor": "#f6f8fa",
      "color": "#001833",
    },
    "textOnLightOrange": Object {
      "backgroundColor": "#feb",
      "color": "#001833",
    },
    "textOnOrange": Object {
      "backgroundColor": "#fa0",
      "color": "#001833",
    },
    "textOnWhite": Object {
      "backgroundColor": "#fff",
      "color": "#001833",
    },
    "warning": Object {
      "backgroundColor": "#fa0",
      "color": "#001833",
    },
    "whiteOnBlue": Object {
      "backgroundColor": "#007aff",
      "color": "#fff",
    },
    "whiteOnGray": Object {
      "backgroundColor": "#687B8E",
      "color": "#fff",
    },
    "whiteOnGreen": Object {
      "backgroundColor": "#0a0",
      "color": "#fff",
    },
    "whiteOnPurple": Object {
      "backgroundColor": "#70b",
      "color": "#fff",
    },
    "whiteOnRed": Object {
      "backgroundColor": "#c00",
      "color": "#fff",
    },
    "whiteOnText": Object {
      "backgroundColor": "#001833",
      "color": "#fff",
    },
  },
  "colors": Object {
    "black": "#000",
    "blue": "#007aff",
    "borderGray": "#d1d6db",
    "darkBlue": "#049",
    "darkGray": "#364049",
    "darkGreen": "#060",
    "darkOrange": "#a50",
    "darkPurple": "#407",
    "darkRed": "#800",
    "gray": "#687B8E",
    "green": "#0a0",
    "lightBlue": "#cdf",
    "lightGray": "#f6f8fa",
    "lightGreen": "#cec",
    "lightOrange": "#feb",
    "lightPurple": "#ecf",
    "lightRed": "#fcc",
    "orange": "#fa0",
    "purple": "#70b",
    "red": "#c00",
    "text": "#001833",
    "white": "#fff",
  },
  "duration": Object {
    "fast": "150ms",
    "normal": "300ms",
    "slow": "450ms",
    "slowest": "600ms",
  },
  "font": "'Montserrat','Helvetica Neue',Helvetica,Arial,sans-serif",
  "fontSizes": Array [
    12,
    14,
    16,
    20,
    24,
    32,
    48,
  ],
  "fontWeights": Object {
    "bold": 600,
    "regular": 400,
  },
  "letterSpacings": Object {
    "caps": "0.025em",
    "normal": "normal",
  },
  "maxContainerWidth": "1280px",
  "mediaQueries": Array [
    "@media screen and (min-width:32em)",
    "@media screen and (min-width:40em)",
    "@media screen and (min-width:48em)",
    "@media screen and (min-width:64em)",
  ],
  "radii": Array [
    0,
    2,
    6,
  ],
  "radius": "2px",
  "regular": 400,
  "space": Array [
    0,
    4,
    8,
    16,
    32,
    64,
    128,
  ],
  "timingFunctions": Object {
    "easeIn": "cubic-bezier(0.5, 0, 1, 1)",
    "easeInOut": "cubic-bezier(0.5, 0, 0.25, 1)",
    "easeOut": "cubic-bezier(0, 0, 0.25, 1)",
  },
  "transitionDelays": Object {
    "large": "260ms",
    "medium": "160ms",
    "small": "60ms",
    "xLarge": "360ms",
  },
}
`;
