// Jest Snapshot v1, https://goo.gl/fbAQLP

exports[`theme snapshot 1`] = `
Object {
  "bold": 700,
  "breakpoints": Array [
    32,
    40,
    48,
    64,
  ],
  "colors": Object {
    "black": "#000",
    "blue": "#007aff",
    "blue0": "#cdf",
    "blue1": "#007aff",
    "blue2": "#049",
    "blues": Array [
      "#cdf",
      "#007aff",
      "#049",
    ],
    "darkBlue": "#049",
    "darkGray": "#364049",
    "darkGreen": "#060",
    "darkOrange": "#950",
    "darkPurple": "#407",
    "darkRed": "#800",
    "gray": "#687B8E",
    "gray0": "#f0f2f4",
    "gray1": "#687B8E",
    "gray2": "#364049",
    "green": "#0a0",
    "green0": "#cec",
    "green1": "#0a0",
    "green2": "#060",
    "greens": Array [
      "#cec",
      "#0a0",
      "#060",
    ],
    "lightBlue": "#cdf",
    "lightGray": "#f0f2f4",
    "lightGreen": "#cec",
    "lightOrange": "#fec",
    "lightPurple": "#ecf",
    "lightRed": "#fcc",
    "orange": "#f90",
    "orange0": "#fec",
    "orange1": "#f90",
    "orange2": "#950",
    "oranges": Array [
      "#fec",
      "#f90",
      "#950",
    ],
    "purple": "#70b",
    "purple0": "#ecf",
    "purple1": "#70b",
    "purple2": "#407",
    "purples": Array [
      "#ecf",
      "#70b",
      "#407",
    ],
    "red": "#c00",
    "red0": "#fcc",
    "red1": "#c00",
    "red2": "#800",
    "reds": Array [
      "#fcc",
      "#c00",
      "#800",
    ],
    "text": "#001833",
    "white": "#fff",
  },
  "font": "'Helvetica Neue',Helvetica,Arial,sans-serif",
  "fontSizes": Array [
    12,
    14,
    16,
    20,
    24,
    32,
    48,
  ],
  "mediaQueries": Array [
    "@media screen and (min-width:32em)",
    "@media screen and (min-width:40em)",
    "@media screen and (min-width:48em)",
    "@media screen and (min-width:64em)",
  ],
  "radius": "2px",
  "regular": 400,
  "space": Array [
    0,
    4,
    8,
    16,
    32,
    64,
    128,
  ],
}
`;
